<html>
<body>
<pre>
<h1>µVision Build Log</h1>
<h2>Project:</h2>
C:\Users\ASUS\Documents\Semestre 2020-2\Sistemas Digitales-Microcontroladores\Laboratorio\Sesion 09\PruebaNokia\Nokia5110.uvproj
Project File Date:  07/11/2020

<h2>Output:</h2>
Build target 'Target 1'
compiling main.c...
main.c(154): warning:  #177-D: variable "estado" was declared but never referenced
        uint8_t estado;
main.c: 1 warning, 0 errors
linking...
Program Size: Code=2552 RO-data=520 RW-data=12 ZI-data=1124  
".\Nokia5110.axf" - 0 Error(s), 1 Warning(s).
P1" is undefined
        xP1 = 0;
main.c(89): error:  #20: identifier "xP2" is undefined
        xP2 = 9;
main.c(90): error:  #20: identifier "yP2" is undefined
        yP2 = 2;
main.c(153): warning:  #177-D: variable "estado" was declared but never referenced
        uint8_t estado;
main.c: 1 warning, 6 errors
".\Nokia5110.axf" - 6 Error(s), 1 Warning(s).
Target not created
